CRITICAL - 2026-10-02 07:38:43 --> CodeIgniter\Images\Exceptions\ImageException: The framework needs the following extension(s) installed and loaded: "GD".
[Method: POST, Route: users/edit/3]
in SYSTEMPATH\Exceptions\FrameworkException.php on line 76.
 1 SYSTEMPATH\Images\Handlers\GDHandler.php(36): CodeIgniter\Exceptions\FrameworkException::forMissingExtension('GD')
 2 SYSTEMPATH\Config\Services.php(351): CodeIgniter\Images\Handlers\GDHandler->__construct(Object(Config\Images))
 3 SYSTEMPATH\Config\BaseService.php(325): CodeIgniter\Config\Services::image('gd', Object(Config\Images), false)
 4 SYSTEMPATH\Config\BaseService.php(264): CodeIgniter\Config\BaseService::__callStatic('image', [...])
 5 SYSTEMPATH\Config\Services.php(342): CodeIgniter\Config\BaseService::getSharedInstance('image', null, null)
 6 SYSTEMPATH\Config\BaseService.php(334): CodeIgniter\Config\Services::image()
 7 SYSTEMPATH\Config\BaseService.php(203): CodeIgniter\Config\BaseService::__callStatic('image', [])
 8 SYSTEMPATH\Common.php(1096): CodeIgniter\Config\BaseService::get('image')
 9 APPPATH\Controllers\Users.php(107): service('image')
10 APPPATH\Controllers\Users.php(72): App\Controllers\Users->prepareAvatar('1790926723_b7cf3182e35903b191dc.jpg', Object(CodeIgniter\HTTP\Files\UploadedFile))
11 SYSTEMPATH\CodeIgniter.php(974): App\Controllers\Users->edit(3)
12 SYSTEMPATH\CodeIgniter.php(520): CodeIgniter\CodeIgniter->runController(Object(App\Controllers\Users))
13 SYSTEMPATH\CodeIgniter.php(363): CodeIgniter\CodeIgniter->handleRequest(null, Object(Config\Cache), false)
14 SYSTEMPATH\Boot.php(417): CodeIgniter\CodeIgniter->run()
15 SYSTEMPATH\Boot.php(68): CodeIgniter\Boot::runCodeIgniter(Object(CodeIgniter\CodeIgniter))
16 FCPATH\index.php(59): CodeIgniter\Boot::bootWeb(Object(Config\Paths))
17 SYSTEMPATH\rewrite.php(44): require_once('C:\\xampp\\htdocs\\Module 3 Technical\\_runtime\\public\\index.php')
CRITICAL - 2026-10-02 07:38:52 --> CodeIgniter\Images\Exceptions\ImageException: The framework needs the following extension(s) installed and loaded: "GD".
[Method: POST, Route: users/edit/3]
in SYSTEMPATH\Exceptions\FrameworkException.php on line 76.
 1 SYSTEMPATH\Images\Handlers\GDHandler.php(36): CodeIgniter\Exceptions\FrameworkException::forMissingExtension('GD')
 2 SYSTEMPATH\Config\Services.php(351): CodeIgniter\Images\Handlers\GDHandler->__construct(Object(Config\Images))
 3 SYSTEMPATH\Config\BaseService.php(325): CodeIgniter\Config\Services::image('gd', Object(Config\Images), false)
 4 SYSTEMPATH\Config\BaseService.php(264): CodeIgniter\Config\BaseService::__callStatic('image', [...])
 5 SYSTEMPATH\Config\Services.php(342): CodeIgniter\Config\BaseService::getSharedInstance('image', null, null)
 6 SYSTEMPATH\Config\BaseService.php(334): CodeIgniter\Config\Services::image()
 7 SYSTEMPATH\Config\BaseService.php(203): CodeIgniter\Config\BaseService::__callStatic('image', [])
 8 SYSTEMPATH\Common.php(1096): CodeIgniter\Config\BaseService::get('image')
 9 APPPATH\Controllers\Users.php(107): service('image')
10 APPPATH\Controllers\Users.php(72): App\Controllers\Users->prepareAvatar('1790926732_540d38cf6018f39191ef.jpg', Object(CodeIgniter\HTTP\Files\UploadedFile))
11 SYSTEMPATH\CodeIgniter.php(974): App\Controllers\Users->edit(3)
12 SYSTEMPATH\CodeIgniter.php(520): CodeIgniter\CodeIgniter->runController(Object(App\Controllers\Users))
13 SYSTEMPATH\CodeIgniter.php(363): CodeIgniter\CodeIgniter->handleRequest(null, Object(Config\Cache), false)
14 SYSTEMPATH\Boot.php(417): CodeIgniter\CodeIgniter->run()
15 SYSTEMPATH\Boot.php(68): CodeIgniter\Boot::runCodeIgniter(Object(CodeIgniter\CodeIgniter))
16 FCPATH\index.php(59): CodeIgniter\Boot::bootWeb(Object(Config\Paths))
17 SYSTEMPATH\rewrite.php(44): require_once('C:\\xampp\\htdocs\\Module 3 Technical\\_runtime\\public\\index.php')
CRITICAL - 2026-10-02 07:39:14 --> CodeIgniter\Images\Exceptions\ImageException: The framework needs the following extension(s) installed and loaded: "GD".
[Method: POST, Route: users/edit/3]
in SYSTEMPATH\Exceptions\FrameworkException.php on line 76.
 1 SYSTEMPATH\Images\Handlers\GDHandler.php(36): CodeIgniter\Exceptions\FrameworkException::forMissingExtension('GD')
 2 SYSTEMPATH\Config\Services.php(351): CodeIgniter\Images\Handlers\GDHandler->__construct(Object(Config\Images))
 3 SYSTEMPATH\Config\BaseService.php(325): CodeIgniter\Config\Services::image('gd', Object(Config\Images), false)
 4 SYSTEMPATH\Config\BaseService.php(264): CodeIgniter\Config\BaseService::__callStatic('image', [...])
 5 SYSTEMPATH\Config\Services.php(342): CodeIgniter\Config\BaseService::getSharedInstance('image', null, null)
 6 SYSTEMPATH\Config\BaseService.php(334): CodeIgniter\Config\Services::image()
 7 SYSTEMPATH\Config\BaseService.php(203): CodeIgniter\Config\BaseService::__callStatic('image', [])
 8 SYSTEMPATH\Common.php(1096): CodeIgniter\Config\BaseService::get('image')
 9 APPPATH\Controllers\Users.php(107): service('image')
10 APPPATH\Controllers\Users.php(72): App\Controllers\Users->prepareAvatar('1790926754_a5821f2b013c53a79720.png', Object(CodeIgniter\HTTP\Files\UploadedFile))
11 SYSTEMPATH\CodeIgniter.php(974): App\Controllers\Users->edit(3)
12 SYSTEMPATH\CodeIgniter.php(520): CodeIgniter\CodeIgniter->runController(Object(App\Controllers\Users))
13 SYSTEMPATH\CodeIgniter.php(363): CodeIgniter\CodeIgniter->handleRequest(null, Object(Config\Cache), false)
14 SYSTEMPATH\Boot.php(417): CodeIgniter\CodeIgniter->run()
15 SYSTEMPATH\Boot.php(68): CodeIgniter\Boot::runCodeIgniter(Object(CodeIgniter\CodeIgniter))
16 FCPATH\index.php(59): CodeIgniter\Boot::bootWeb(Object(Config\Paths))
17 SYSTEMPATH\rewrite.php(44): require_once('C:\\xampp\\htdocs\\Module 3 Technical\\_runtime\\public\\index.php')
